>>> print_square = __import__("4-print_square").print_square

# Test with valid input
>>> print_square(5)
#####
#####
#####
#####
#####

# Test with invalid input: float
>>> print_square(2.5)
Traceback (most recent call last):
    ...
TypeError: size must be an integer

# Test with invalid input: negative integer
>>> print_square(-3)
Traceback (most recent call last):
    ...
ValueError: size must be >= 0

# Test with invalid input: string
>>> print_square("hello")
Traceback (most recent call last):
    ...
TypeError: size must be an integer

# Test with invalid input: None
>>> print_square(None)
Traceback (most recent call last):
    ...
TypeError: size must be an integer

# Test with invalid input: tuple
>>> print_square((3,))
Traceback (most recent call last):
    ...
TypeError: size must be an integer

# Test with no input
>>> print_square()
Traceback (most recent call last):
    ...
TypeError: print_square() missing 1 required positional argument: 'size'

# Test with extra input
>>> print_square(4, 5)
Traceback (most recent call last):
    ...
TypeError: print_square() takes 1 positional argument but 2 were given
